<html>
<body>
<pre>
<h1>µVision Build Log</h1>
<h2>Tool Versions:</h2>
IDE-Version: ¦ÌVision V5.38.0.0
Copyright (C) 2022 ARM Ltd and ARM Germany GmbH. All rights reserved.
License Information: xxxx xxxx, xxxx, LIC=32B1Q-NPMU6-9UM4U-S0F0X-5AIN3-2GDM8
 
Tool Versions:
Toolchain:       MDK-ARM Plus  Version: 5.38.0.0
Toolchain Path:  E:\ARM\ARMCC\Bin
C Compiler:      Armcc.exe V5.06 update 7 (build 960)
Assembler:       Armasm.exe V5.06 update 7 (build 960)
Linker/Locator:  ArmLink.exe V5.06 update 7 (build 960)
Library Manager: ArmAr.exe V5.06 update 7 (build 960)
Hex Converter:   FromElf.exe V5.06 update 7 (build 960)
CPU DLL:         SARMCM3.DLL V5.38.0.0
Dialog DLL:      DARMSTM.DLL V1.69.1.0
Target DLL:      STLink\ST-LINKIII-KEIL_SWO.dll V3.1.0.0
Dialog DLL:      TARMSTM.DLL V1.67.1.0
 
<h2>Project:</h2>
C:\Users\24670\Desktop\New folder\Keyboard\Project\USER\Keyboard.uvprojx
Project File Date:  01/10/2024

<h2>Output:</h2>
*** Using Compiler 'V5.06 update 7 (build 960)', folder: 'E:\ARM\ARMCC\Bin'
Rebuild target 'Keyboard'
assembling startup_stm32f10x_hd.s...
compiling main.c...
compiling adc.c...
compiling misc.c...
compiling system_stm32f10x.c...
compiling core_cm3.c...
compiling stm32f10x_gpio.c...
compiling delay.c...
compiling stm32f10x_dbgmcu.c...
compiling lcd.c...
compiling stm32f10x_rcc.c...
compiling usart.c...
compiling stm32f10x_it.c...
compiling key.c...
compiling stm32f10x_usart.c...
compiling stm32f10x_adc.c...
compiling sys.c...
linking...
Program Size: Code=3308 RO-data=336 RW-data=44 ZI-data=1636  
FromELF: creating hex file...
"..\OBJ\LED.axf" - 0 Error(s), 0 Warning(s).

<h2>Software Packages used:</h2>

Package Vendor: Keil
                http://www.keil.com/pack/Keil.STM32F1xx_DFP.2.3.0.pack
                Keil.STM32F1xx_DFP.2.3.0
                STMicroelectronics STM32F1 Series Device Support, Drivers and Examples

<h2>Collection of Component include folders:</h2>
  E:/ARM/Packs/Keil/STM32F1xx_DFP/2.3.0/Device/Include

<h2>Collection of Component Files used:</h2>
Build Time Elapsed:  00:00:02
</pre>
</body>
</html>
